Microchip MPLAB XC8 Compiler V2.05 ()

Linker command line:

-W-3 --edf=D:\Microchip\pic\dat\en_msgs.txt -cs \
  -h+dist/default/production\BasicCircuit.X.production.sym \
  --cmf=dist/default/production\BasicCircuit.X.production.cmf -z -Q18F4620 \
  -oC:\Users\fathe\AppData\Local\Temp\spac.2 --defsym=__MPLAB_BUILD=1 \
  -Mdist/default/production/BasicCircuit.X.production.map -E1 -ver=XC8 \
  --acfsm=1493 -ASTACK=0240h-0F7Fh -pstack=STACK -ACODE=0300h-0FFFFh \
  -ACONST=0300h-0FFFFh -ASMALLCONST=01000h-010FFhx240 \
  -AMEDIUMCONST=01000h-0FFFFh -ACOMRAM=01h-07Fh -AABS1=00h-0F7Fh \
  -ABIGRAM=01h-0F7Fh -ARAM=080h-0FFh,0100h-01FFhx14,0F00h-0F7Fh \
  -ABANK0=080h-0FFh -ABANK1=0100h-01FFh -ABANK2=0200h-02FFh \
  -ABANK3=0300h-03FFh -ABANK4=0400h-04FFh -ABANK5=0500h-05FFh \
  -ABANK6=0600h-06FFh -ABANK7=0700h-07FFh -ABANK8=0800h-08FFh \
  -ABANK9=0900h-09FFh -ABANK10=0A00h-0AFFh -ABANK11=0B00h-0BFFh \
  -ABANK12=0C00h-0CFFh -ABANK13=0D00h-0DFFh -ABANK14=0E00h-0EFFh \
  -ABANK15=0F00h-0F7Fh -ASFR=0F80h-0FFFh \
  -preset_vec=0300h,intcode,intcodelo,powerup,init -pramtop=01000h \
  -psmallconst=SMALLCONST -pmediumconst=MEDIUMCONST -pconst=CONST \
  -AFARRAM=00h-00h -ACONFIG=0300000h-030000Dh -pconfig=CONFIG \
  -AIDLOC=0200000h-0200007h -pidloc=IDLOC -AEEDATA=0F00000h-0F003FFh \
  -peeprom_data=EEDATA \
  -prdata=COMRAM,nvrram=COMRAM,nvbit=COMRAM,rbss=COMRAM,rbit=COMRAM \
  -pfarbss=FARRAM,fardata=FARRAM,nvFARRAM=FARRAM \
  -pintsave_regs=BIGRAM,bigbss=BIGRAM,bigdata=BIGRAM -pbss=RAM \
  -pidata=CODE,irdata=CODE,ibigdata=CODE,ifardata=CODE -prparam=COMRAM \
  C:\Users\fathe\AppData\Local\Temp\spac.o \
  dist/default/production\BasicCircuit.X.production.o 

Object code version is 3.11

Machine type is 18F4620

Call graph: (short form)




                Name                               Link     Load   Length Selector   Space Scale
C:\Users\fathe\AppData\Local\Temp\spac.o
                init                                300      300        4      180       0
                idloc                            200000   200000        8   200000       0
                config                           300000   300000        E   300000       0
dist/default/production\BasicCircuit.X.production.o
                smallconst                         1000     1000       72      800       0
                text46                             3904     3904       26      839       0
                text45                             3886     3886       2E      839       0
                text44                             394E     394E       22      839       0
                text43                             3754     3754       3A      839       0
                text42                             35AA     35AA       50      839       0
                text41                             339E     339E       64      839       0
                text40                             392A     392A       24      839       0
                text39                             38DE     38DE       26      839       0
                text38                             3828     3828       30      839       0
                text37                             3716     3716       3E      839       0
                text36                             2BC6     2BC6      140      839       0
                text35                             31BE     31BE       84      839       0
                text34                             32C4     32C4       70      839       0
                text33                             24D0     24D0      288      839       0
                text32                             3134     3134       8A      839       0
                text31                             2D06     2D06       D0      839       0
                text30                             1E72     1E72      352      839       0
                text29                             3858     3858       2E      839       0
                text28                             21C4     21C4      30C      839       0
                text27                             3692     3692       46      839       0
                text26                             2EA2     2EA2       BA      839       0
                text25                             2DD6     2DD6       CC      839       0
                text24                             2758     2758      1B6      839       0
                text23                             39B0     39B0        2      839       0
                text22                             2FFE     2FFE       A0      839       0
                text21                             378E     378E       38      839       0
                text20                             38B4     38B4       2A      839       0
                text19                             309E     309E       96      839       0
                text18                             3504     3504       54      839       0
                text17                             37F8     37F8       30      839       0
                text16                             3646     3646       4C      839       0
                text15                             1072     1072      97E      839       0
                text14                             2F5C     2F5C       A2      839       0
                text13                             19F0     19F0      482      839       0
                text12                             34AE     34AE       56      839       0
                text11                             3558     3558       52      839       0
                text10                             3334     3334       6A      839       0
                text9                              37C6     37C6       32      839       0
                text8                              39A0     39A0        C      839       0
                text7                              35FA     35FA       4C      839       0
                text6                              2A86     2A86      140      839       0
                text5                              36D8     36D8       3E      839       0
                text4                              3242     3242       82      839       0
                text3                              3990     3990       10      839       0
                text2                              3458     3458       56      839       0
                text1                              3970     3970       20      839       0
                text0                              290E     290E      178      839       0
                cstackCOMRAM                          1        1       7B        1       1
                cstackBANK0                          80       80       58       80       1
                cstackBANK1                         190      190       40      100       1
                bssBANK2                            200      200       40      200       1
                bssBANK1                            100      100       90      100       1
                dataBANK0                            E8       E8        4       80       1
                bssBANK0                             D8       D8       10       80       1
                bssCOMRAM                            7C       7C        4        1       1
                cinit                              3402     3402       56      839       0
                idataBANK0                         39AC     39AC        4      839       0

TOTAL           Name                               Link     Load   Length     Space
        CLASS   STACK          

        CLASS   CODE           
                init                                300      300        4         0
                text46                             3904     3904       26         0
                text45                             3886     3886       2E         0
                text44                             394E     394E       22         0
                text43                             3754     3754       3A         0
                text42                             35AA     35AA       50         0
                text41                             339E     339E       64         0
                text40                             392A     392A       24         0
                text39                             38DE     38DE       26         0
                text38                             3828     3828       30         0
                text37                             3716     3716       3E         0
                text36                             2BC6     2BC6      140         0
                text35                             31BE     31BE       84         0
                text34                             32C4     32C4       70         0
                text33                             24D0     24D0      288         0
                text32                             3134     3134       8A         0
                text31                             2D06     2D06       D0         0
                text30                             1E72     1E72      352         0
                text29                             3858     3858       2E         0
                text28                             21C4     21C4      30C         0
                text27                             3692     3692       46         0
                text26                             2EA2     2EA2       BA         0
                text25                             2DD6     2DD6       CC         0
                text24                             2758     2758      1B6         0
                text23                             39B0     39B0        2         0
                text22                             2FFE     2FFE       A0         0
                text21                             378E     378E       38         0
                text20                             38B4     38B4       2A         0
                text19                             309E     309E       96         0
                text18                             3504     3504       54         0
                text17                             37F8     37F8       30         0
                text16                             3646     3646       4C         0
                text15                             1072     1072      97E         0
                text14                             2F5C     2F5C       A2         0
                text13                             19F0     19F0      482         0
                text12                             34AE     34AE       56         0
                text11                             3558     3558       52         0
                text10                             3334     3334       6A         0
                text9                              37C6     37C6       32         0
                text8                              39A0     39A0        C         0
                text7                              35FA     35FA       4C         0
                text6                              2A86     2A86      140         0
                text5                              36D8     36D8       3E         0
                text4                              3242     3242       82         0
                text3                              3990     3990       10         0
                text2                              3458     3458       56         0
                text1                              3970     3970       20         0
                text0                              290E     290E      178         0
                cinit                              3402     3402       56         0
                idataBANK0                         39AC     39AC        4         0

        CLASS   CONST          

        CLASS   SMALLCONST     
                smallconst                         1000     1000       72         0

        CLASS   MEDIUMCONST    

        CLASS   COMRAM         
                cstackCOMRAM                          1        1       7B         1
                bssCOMRAM                            7C       7C        4         1

        CLASS   ABS1           

        CLASS   BIGRAM         

        CLASS   RAM            

        CLASS   BANK0          
                cstackBANK0                          80       80       58         1
                dataBANK0                            E8       E8        4         1
                bssBANK0                             D8       D8       10         1

        CLASS   BANK1          
                cstackBANK1                         190      190       40         1
                bssBANK1                            100      100       90         1

        CLASS   BANK2          
                bssBANK2                            200      200       40         1

        CLASS   BANK3          

        CLASS   BANK4          

        CLASS   BANK5          

        CLASS   BANK6          

        CLASS   BANK7          

        CLASS   BANK8          

        CLASS   BANK9          

        CLASS   BANK10         

        CLASS   BANK11         

        CLASS   BANK12         

        CLASS   BANK13         

        CLASS   BANK14         

        CLASS   BANK15         

        CLASS   SFR            

        CLASS   FARRAM         

        CLASS   CONFIG         
                config                           300000   300000        E         0

        CLASS   IDLOC          
                idloc                            200000   200000        8         0

        CLASS   EEDATA         



SEGMENTS        Name                           Load    Length   Top    Selector   Space  Class

                cstackCOMRAM                   000001  00007F  000080         1       1  COMRAM  
                cstackBANK0                    000080  00006C  0000EC        80       1  BANK0   
                bssBANK1                       000100  0000D0  0001D0       100       1  BANK1   
                bssBANK2                       000200  000040  000240       200       1  BANK2   
                reset_vec                      000300  000004  000304       180       0  CODE    
                smallconst                     001000  000072  001072       800       0  SMALLCON
                text15                         001072  002940  0039B2       839       0  CODE    
                idloc                          200000  000008  200008    200000       0  IDLOC   
                config                         300000  00000E  30000E    300000       0  CONFIG  


UNUSED ADDRESS RANGES

        Name                Unused          Largest block    Delta
        BANK0            0000EC-0000FF               14
        BANK1            0001D0-0001FF               30
        BANK10           000A00-000AFF              100
        BANK11           000B00-000BFF              100
        BANK12           000C00-000CFF              100
        BANK13           000D00-000DFF              100
        BANK14           000E00-000EFF              100
        BANK15           000F00-000F7F               80
        BANK2            000240-0002FF               C0
        BANK3            000300-0003FF              100
        BANK4            000400-0004FF              100
        BANK5            000500-0005FF              100
        BANK6            000600-0006FF              100
        BANK7            000700-0007FF              100
        BANK8            000800-0008FF              100
        BANK9            000900-0009FF              100
        BIGRAM           0000EC-0000FF               14
                         0001D0-0001FF               30
                         000240-000F7F              D40
        CODE             000304-000FFF              CFC
                         0039B2-00FFFF             C64E
        CONST            000304-000FFF              CFC
                         0039B2-00FFFF             C64E
        EEDATA           F00000-F003FF              400
        FARRAM           000000-000000                1
        MEDIUMCONST      0039B2-00FFFF             C64E
        RAM              0000EC-0000FF               14
                         0001D0-0001FF               30
                         000240-000F7F              100
        SFR              000F80-000FFF               80
        SMALLCONST       0039B2-00FFFF              100
        STACK            000240-000F7F              D40

                                  Symbol Table

?___awdiv                     cstackCOMRAM 000001
?___awmod                     cstackCOMRAM 000001
?___fladd                     cstackCOMRAM 000001
?___fldiv                     cstackCOMRAM 000015
?___flmul                     cstackCOMRAM 000039
?___flneg                     cstackCOMRAM 000001
?___flsub                     cstackCOMRAM 000052
?___fltol                     cstackCOMRAM 000001
?___fpclassifyf               cstackCOMRAM 000001
?___wmul                      cstackCOMRAM 000001
?___xxtofl                    cstackCOMRAM 000007
?_atoi                        cstackCOMRAM 000008
?_efgtoa                      cstackCOMRAM 00005E
?_floorf                      cstackCOMRAM 00002E
?_isdigit                     cstackCOMRAM 000001
?_isspace                     cstackCOMRAM 000001
?_isupper                     cstackCOMRAM 000001
?_pad                         cstackCOMRAM 000011
?_read_adc_raw_no_lib         cstackCOMRAM 000001
?_read_adc_voltage            cstackCOMRAM 00002E
?_sprintf                     cstackBANK0  0000C6
?_strlen                      cstackCOMRAM 000001
?_strncmp                     cstackCOMRAM 000001
?_tolower                     cstackCOMRAM 000007
?_vfpfcnvrt                   cstackCOMRAM 00006A
?_vfprintf                    cstackCOMRAM 000074
_ADCON0                       (abs)        000FC2
_ADCON0bits                   (abs)        000FC2
_ADCON1                       (abs)        000FC1
_ADCON2                       (abs)        000FC0
_ADRESH                       (abs)        000FC4
_ADRESL                       (abs)        000FC3
_BAUDCONbits                  (abs)        000FB8
_F                            bssBANK1     000150
_INTCON                       (abs)        000FF2
_J                            bssBANK2     000200
_LATA                         (abs)        000F89
_LATB                         (abs)        000F8A
_LATC                         (abs)        000F8B
_LATD                         (abs)        000F8C
_LATE                         (abs)        000F8D
_LCD_INIT_STRING              dataBANK0    0000E8
_PIR1bits                     (abs)        000F9E
_PORTEbits                    (abs)        000F84
_RCREG                        (abs)        000FAE
_RCSTA                        (abs)        000FAB
_RCSTAbits                    (abs)        000FAB
_SP                           bssBANK0     0000E0
_SPBRG                        (abs)        000FAF
_SPBRGH                       (abs)        000FB0
_TRISA                        (abs)        000F92
_TRISB                        (abs)        000F93
_TRISC                        (abs)        000F94
_TRISD                        (abs)        000F95
_TRISE                        (abs)        000F96
_TXREG                        (abs)        000FAD
_TXSTA                        (abs)        000FAC
_TXSTAbits                    (abs)        000FAC
__CFG_BOREN$SBORDIS           (abs)        000000
__CFG_BORV$3                  (abs)        000000
__CFG_CCP2MX$PORTC            (abs)        000000
__CFG_CP0$OFF                 (abs)        000000
__CFG_CP1$OFF                 (abs)        000000
__CFG_CP2$OFF                 (abs)        000000
__CFG_CP3$OFF                 (abs)        000000
__CFG_CPB$OFF                 (abs)        000000
__CFG_CPD$OFF                 (abs)        000000
__CFG_EBTR0$OFF               (abs)        000000
__CFG_EBTR1$OFF               (abs)        000000
__CFG_EBTR2$OFF               (abs)        000000
__CFG_EBTR3$OFF               (abs)        000000
__CFG_EBTRB$OFF               (abs)        000000
__CFG_FCMEN$OFF               (abs)        000000
__CFG_IESO$OFF                (abs)        000000
__CFG_LPT1OSC$OFF             (abs)        000000
__CFG_LVP$ON                  (abs)        000000
__CFG_MCLRE$ON                (abs)        000000
__CFG_OSC$XT                  (abs)        000000
__CFG_PBADEN$ON               (abs)        000000
__CFG_PWRT$OFF                (abs)        000000
__CFG_STVREN$ON               (abs)        000000
__CFG_WDT$ON                  (abs)        000000
__CFG_WDTPS$32768             (abs)        000000
__CFG_WRT0$OFF                (abs)        000000
__CFG_WRT1$OFF                (abs)        000000
__CFG_WRT2$OFF                (abs)        000000
__CFG_WRT3$OFF                (abs)        000000
__CFG_WRTB$OFF                (abs)        000000
__CFG_WRTC$OFF                (abs)        000000
__CFG_WRTD$OFF                (abs)        000000
__CFG_XINST$OFF               (abs)        000000
__HRAM                        (abs)        000000
__Habs1                       abs1         000000
__Hbank0                      bank0        000000
__Hbank1                      bank1        000000
__Hbank10                     bank10       000000
__Hbank11                     bank11       000000
__Hbank12                     bank12       000000
__Hbank13                     bank13       000000
__Hbank14                     bank14       000000
__Hbank15                     bank15       000000
__Hbank2                      bank2        000000
__Hbank3                      bank3        000000
__Hbank4                      bank4        000000
__Hbank5                      bank5        000000
__Hbank6                      bank6        000000
__Hbank7                      bank7        000000
__Hbank8                      bank8        000000
__Hbank9                      bank9        000000
__Hbigbss                     bigbss       000000
__Hbigdata                    bigdata      000000
__Hbigram                     bigram       000000
__Hbss                        bss          000000
__HbssBANK0                   bssBANK0     000000
__HbssBANK1                   bssBANK1     000000
__HbssBANK2                   bssBANK2     000000
__HbssCOMRAM                  bssCOMRAM    000000
__Hcinit                      cinit        000000
__Hclrtext                    clrtext      000000
__Hcomram                     comram       000000
__Hconfig                     config       30000E
__Hconst                      const        000000
__HcstackBANK0                cstackBANK0  000000
__HcstackBANK1                cstackBANK1  000000
__HcstackCOMRAM               cstackCOMRAM 000000
__Hdata                       data         000000
__HdataBANK0                  dataBANK0    000000
__Heeprom_data                eeprom_data  000000
__Hfarbss                     farbss       000000
__Hfardata                    fardata      000000
__Hibigdata                   ibigdata     000000
__Hidata                      idata        000000
__HidataBANK0                 idataBANK0   000000
__Hidloc                      idloc        200008
__Hifardata                   ifardata     000000
__Hinit                       init         000304
__Hintcode                    intcode      000300
__Hintcode_body               intcode_body 000000
__Hintcodelo                  intcodelo    000300
__Hintentry                   intentry     000000
__Hintret                     intret       000000
__Hintsave_regs               intsave_regs 000000
__Hirdata                     irdata       000000
__Hmediumconst                mediumconst  000000
__HnvFARRAM                   nvFARRAM     000000
__Hnvbit                      nvbit        000000
__Hnvrram                     nvrram       000000
__Hparam                      rparam       000000
__Hpowerup                    powerup      000300
__Hram                        ram          000000
__Hramtop                     ramtop       001000
__Hrbit                       rbit         000000
__Hrbss                       rbss         000000
__Hrdata                      rdata        000000
__Hreset_vec                  reset_vec    000300
__Hrparam                     rparam       000000
__Hsfr                        sfr          000000
__Hsmallconst                 smallconst   001072
__Hspace_0                    (abs)        30000E
__Hspace_1                    (abs)        000240
__Hspace_2                    (abs)        000000
__Hstack                      stack        000000
__Hstruct                     struct       000000
__Htemp                       temp         000000
__Htext                       text         000000
__Htext0                      text0        000000
__Htext1                      text1        000000
__Htext10                     text10       000000
__Htext11                     text11       000000
__Htext12                     text12       000000
__Htext13                     text13       000000
__Htext14                     text14       000000
__Htext15                     text15       000000
__Htext16                     text16       000000
__Htext17                     text17       000000
__Htext18                     text18       000000
__Htext19                     text19       000000
__Htext2                      text2        000000
__Htext20                     text20       000000
__Htext21                     text21       000000
__Htext22                     text22       000000
__Htext23                     text23       000000
__Htext24                     text24       000000
__Htext25                     text25       000000
__Htext26                     text26       000000
__Htext27                     text27       000000
__Htext28                     text28       000000
__Htext29                     text29       000000
__Htext3                      text3        000000
__Htext30                     text30       000000
__Htext31                     text31       000000
__Htext32                     text32       000000
__Htext33                     text33       000000
__Htext34                     text34       000000
__Htext35                     text35       000000
__Htext36                     text36       000000
__Htext37                     text37       000000
__Htext38                     text38       000000
__Htext39                     text39       000000
__Htext4                      text4        000000
__Htext40                     text40       000000
__Htext41                     text41       000000
__Htext42                     text42       000000
__Htext43                     text43       000000
__Htext44                     text44       000000
__Htext45                     text45       000000
__Htext46                     text46       000000
__Htext5                      text5        000000
__Htext6                      text6        000000
__Htext7                      text7        000000
__Htext8                      text8        000000
__Htext9                      text9        000000
__LRAM                        (abs)        000001
__Labs1                       abs1         000000
__Lbank0                      bank0        000000
__Lbank1                      bank1        000000
__Lbank10                     bank10       000000
__Lbank11                     bank11       000000
__Lbank12                     bank12       000000
__Lbank13                     bank13       000000
__Lbank14                     bank14       000000
__Lbank15                     bank15       000000
__Lbank2                      bank2        000000
__Lbank3                      bank3        000000
__Lbank4                      bank4        000000
__Lbank5                      bank5        000000
__Lbank6                      bank6        000000
__Lbank7                      bank7        000000
__Lbank8                      bank8        000000
__Lbank9                      bank9        000000
__Lbigbss                     bigbss       000000
__Lbigdata                    bigdata      000000
__Lbigram                     bigram       000000
__Lbss                        bss          000000
__LbssBANK0                   bssBANK0     000000
__LbssBANK1                   bssBANK1     000000
__LbssBANK2                   bssBANK2     000000
__LbssCOMRAM                  bssCOMRAM    000000
__Lcinit                      cinit        000000
__Lclrtext                    clrtext      000000
__Lcomram                     comram       000000
__Lconfig                     config       300000
__Lconst                      const        000000
__LcstackBANK0                cstackBANK0  000000
__LcstackBANK1                cstackBANK1  000000
__LcstackCOMRAM               cstackCOMRAM 000000
__Ldata                       data         000000
__LdataBANK0                  dataBANK0    000000
__Leeprom_data                eeprom_data  000000
__Lfarbss                     farbss       000000
__Lfardata                    fardata      000000
__Libigdata                   ibigdata     000000
__Lidata                      idata        000000
__LidataBANK0                 idataBANK0   000000
__Lidloc                      idloc        200000
__Lifardata                   ifardata     000000
__Linit                       init         000300
__Lintcode                    intcode      000300
__Lintcode_body               intcode_body 000000
__Lintcodelo                  intcodelo    000300
__Lintentry                   intentry     000000
__Lintret                     intret       000000
__Lintsave_regs               intsave_regs 000000
__Lirdata                     irdata       000000
__Lmediumconst                mediumconst  000000
__LnvFARRAM                   nvFARRAM     000000
__Lnvbit                      nvbit        000000
__Lnvrram                     nvrram       000000
__Lparam                      rparam       000000
__Lpowerup                    powerup      000300
__Lram                        ram          000000
__Lramtop                     ramtop       001000
__Lrbit                       rbit         000000
__Lrbss                       rbss         000000
__Lrdata                      rdata        000000
__Lreset_vec                  reset_vec    000300
__Lrparam                     rparam       000000
__Lsfr                        sfr          000000
__Lsmallconst                 smallconst   001000
__Lspace_0                    (abs)        000000
__Lspace_1                    (abs)        000000
__Lspace_2                    (abs)        000000
__Lstack                      stack        000000
__Lstruct                     struct       000000
__Ltemp                       temp         000000
__Ltext                       text         000000
__Ltext0                      text0        000000
__Ltext1                      text1        000000
__Ltext10                     text10       000000
__Ltext11                     text11       000000
__Ltext12                     text12       000000
__Ltext13                     text13       000000
__Ltext14                     text14       000000
__Ltext15                     text15       000000
__Ltext16                     text16       000000
__Ltext17                     text17       000000
__Ltext18                     text18       000000
__Ltext19                     text19       000000
__Ltext2                      text2        000000
__Ltext20                     text20       000000
__Ltext21                     text21       000000
__Ltext22                     text22       000000
__Ltext23                     text23       000000
__Ltext24                     text24       000000
__Ltext25                     text25       000000
__Ltext26                     text26       000000
__Ltext27                     text27       000000
__Ltext28                     text28       000000
__Ltext29                     text29       000000
__Ltext3                      text3        000000
__Ltext30                     text30       000000
__Ltext31                     text31       000000
__Ltext32                     text32       000000
__Ltext33                     text33       000000
__Ltext34                     text34       000000
__Ltext35                     text35       000000
__Ltext36                     text36       000000
__Ltext37                     text37       000000
__Ltext38                     text38       000000
__Ltext39                     text39       000000
__Ltext4                      text4        000000
__Ltext40                     text40       000000
__Ltext41                     text41       000000
__Ltext42                     text42       000000
__Ltext43                     text43       000000
__Ltext44                     text44       000000
__Ltext45                     text45       000000
__Ltext46                     text46       000000
__Ltext5                      text5        000000
__Ltext6                      text6        000000
__Ltext7                      text7        000000
__Ltext8                      text8        000000
__Ltext9                      text9        000000
__S0                          (abs)        30000E
__S1                          (abs)        000240
__S2                          (abs)        000000
___awdiv                      text35       0031BE
___awdiv@counter              cstackCOMRAM 000005
___awdiv@dividend             cstackCOMRAM 000001
___awdiv@divisor              cstackCOMRAM 000003
___awdiv@quotient             cstackCOMRAM 000007
___awdiv@sign                 cstackCOMRAM 000006
___awmod                      text34       0032C4
___awmod@counter              cstackCOMRAM 000005
___awmod@dividend             cstackCOMRAM 000001
___awmod@divisor              cstackCOMRAM 000003
___awmod@sign                 cstackCOMRAM 000006
___fladd                      text28       0021C4
___fladd@a                    cstackCOMRAM 000005
___fladd@aexp                 cstackCOMRAM 00000E
___fladd@b                    cstackCOMRAM 000001
___fladd@bexp                 cstackCOMRAM 00000F
___fladd@grs                  cstackCOMRAM 000010
___fladd@signs                cstackCOMRAM 00000D
___fldiv                      text33       0024D0
___fldiv@a                    cstackCOMRAM 000019
___fldiv@aexp                 cstackCOMRAM 00002D
___fldiv@b                    cstackCOMRAM 000015
___fldiv@bexp                 cstackCOMRAM 00002C
___fldiv@grs                  cstackCOMRAM 000028
___fldiv@new_exp              cstackCOMRAM 000026
___fldiv@rem                  cstackCOMRAM 000021
___fldiv@sign                 cstackCOMRAM 000025
___fleq                       text32       003134
___fleq@ff1                   cstackCOMRAM 000001
___fleq@ff2                   cstackCOMRAM 000005
___flge                       text31       002D06
___flge@ff1                   cstackCOMRAM 000052
___flge@ff2                   cstackCOMRAM 000056
___flmul                      text30       001E72
___flmul@a                    cstackCOMRAM 00003D
___flmul@aexp                 cstackCOMRAM 00004A
___flmul@b                    cstackCOMRAM 000039
___flmul@bexp                 cstackCOMRAM 00004B
___flmul@grs                  cstackCOMRAM 000046
___flmul@prod                 cstackCOMRAM 00004C
___flmul@sign                 cstackCOMRAM 000045
___flmul@temp                 cstackCOMRAM 000050
___flneg                      text29       003858
___flneg@f1                   cstackCOMRAM 000001
___flsub                      text27       003692
___flsub@a                    cstackCOMRAM 000056
___flsub@b                    cstackCOMRAM 000052
___fltol                      text26       002EA2
___fltol@exp1                 cstackCOMRAM 00000A
___fltol@f1                   cstackCOMRAM 000001
___fltol@sign1                cstackCOMRAM 000009
___fpclassifyf                text25       002DD6
___fpclassifyf@F463           bssBANK0     0000DC
___fpclassifyf@e              cstackCOMRAM 000009
___fpclassifyf@u              cstackCOMRAM 00000B
___fpclassifyf@x              cstackCOMRAM 000001
___inthi_sp                   stack        000000
___intlo_sp                   stack        000000
___param_bank                 (abs)        000000
___rparam_used                (abs)        000001
___sp                         stack        000000
___wmul                       text39       0038DE
___wmul@multiplicand          cstackCOMRAM 000003
___wmul@multiplier            cstackCOMRAM 000001
___wmul@product               cstackCOMRAM 000005
___xxtofl                     text6        002A86
___xxtofl@arg                 cstackCOMRAM 000011
___xxtofl@exp                 cstackCOMRAM 000010
___xxtofl@sign                cstackCOMRAM 00000F
___xxtofl@val                 cstackCOMRAM 000007
__accesstop                   (abs)        000080
__activetblptr                (abs)        000002
__end_of___awdiv              text35       003242
__end_of___awmod              text34       003334
__end_of___fladd              text28       0024D0
__end_of___fldiv              text33       002758
__end_of___fleq               text32       0031BE
__end_of___flge               text31       002DD6
__end_of___flmul              text30       0021C4
__end_of___flneg              text29       003886
__end_of___flsub              text27       0036D8
__end_of___fltol              text26       002F5C
__end_of___fpclassifyf        text25       002EA2
__end_of___wmul               text39       003904
__end_of___xxtofl             text6        002BC6
__end_of__initialization      cinit        00344E
__end_of_atoi                 text36       002D06
__end_of_delay_cycles         text45       0038B4
__end_of_delay_ms             text46       00392A
__end_of_display              text10       00339E
__end_of_efgtoa               text15       0019F0
__end_of_floorf               text24       00290E
__end_of_fputc                text22       00309E
__end_of_fputs                text21       0037C6
__end_of_initPorts            text9        0037F8
__end_of_init_adc_no_lib      text8        0039AC
__end_of_isdigit              text38       003858
__end_of_isspace              text37       003754
__end_of_isupper              text17       003828
__end_of_lcd_gotoxy           text42       0035FA
__end_of_lcd_init             text7        003646
__end_of_lcd_putc             text41       003402
__end_of_lcd_puts             text40       00394E
__end_of_lcd_send_byte        text43       00378E
__end_of_lcd_send_nibble      text44       003970
__end_of_main                 text0        002A86
__end_of_pad                  text19       003134
__end_of_putch                text23       0039B2
__end_of_read_adc_raw_no_lib  text5        003716
__end_of_read_adc_voltage     text4        0032C4
__end_of_send_byte_no_lib     text3        0039A0
__end_of_send_string_no_lib   text2        0034AE
__end_of_setupSerial          text1        003990
__end_of_sprintf              text11       0035AA
__end_of_strcpy               text18       003558
__end_of_strlen               text20       0038DE
__end_of_strncmp              text14       002FFE
__end_of_tolower              text16       003692
__end_of_vfpfcnvrt            text13       001E72
__end_of_vfprintf             text12       003504
__initialization              cinit        003402
__mediumconst                 mediumconst  000000
__pbssBANK0                   bssBANK0     0000D8
__pbssBANK1                   bssBANK1     000100
__pbssBANK2                   bssBANK2     000200
__pbssCOMRAM                  bssCOMRAM    00007C
__pcinit                      cinit        003402
__pcstackBANK0                cstackBANK0  000080
__pcstackBANK1                cstackBANK1  000190
__pcstackCOMRAM               cstackCOMRAM 000001
__pdataBANK0                  dataBANK0    0000E8
__pidataBANK0                 idataBANK0   0039AC
__psmallconst                 smallconst   001000
__ptext0                      text0        00290E
__ptext1                      text1        003970
__ptext10                     text10       003334
__ptext11                     text11       003558
__ptext12                     text12       0034AE
__ptext13                     text13       0019F0
__ptext14                     text14       002F5C
__ptext15                     text15       001072
__ptext16                     text16       003646
__ptext17                     text17       0037F8
__ptext18                     text18       003504
__ptext19                     text19       00309E
__ptext2                      text2        003458
__ptext20                     text20       0038B4
__ptext21                     text21       00378E
__ptext22                     text22       002FFE
__ptext23                     text23       0039B0
__ptext24                     text24       002758
__ptext25                     text25       002DD6
__ptext26                     text26       002EA2
__ptext27                     text27       003692
__ptext28                     text28       0021C4
__ptext29                     text29       003858
__ptext3                      text3        003990
__ptext30                     text30       001E72
__ptext31                     text31       002D06
__ptext32                     text32       003134
__ptext33                     text33       0024D0
__ptext34                     text34       0032C4
__ptext35                     text35       0031BE
__ptext36                     text36       002BC6
__ptext37                     text37       003716
__ptext38                     text38       003828
__ptext39                     text39       0038DE
__ptext4                      text4        003242
__ptext40                     text40       00392A
__ptext41                     text41       00339E
__ptext42                     text42       0035AA
__ptext43                     text43       003754
__ptext44                     text44       00394E
__ptext45                     text45       003886
__ptext46                     text46       003904
__ptext5                      text5        0036D8
__ptext6                      text6        002A86
__ptext7                      text7        0035FA
__ptext8                      text8        0039A0
__ptext9                      text9        0037C6
__ramtop                      ramtop       001000
__size_of___awdiv             (abs)        000000
__size_of___awmod             (abs)        000000
__size_of___fladd             (abs)        000000
__size_of___fldiv             (abs)        000000
__size_of___fleq              (abs)        000000
__size_of___flge              (abs)        000000
__size_of___flmul             (abs)        000000
__size_of___flneg             (abs)        000000
__size_of___flsub             (abs)        000000
__size_of___fltol             (abs)        000000
__size_of___fpclassifyf       (abs)        000000
__size_of___wmul              (abs)        000000
__size_of___xxtofl            (abs)        000000
__size_of_atoi                (abs)        000000
__size_of_delay_cycles        (abs)        000000
__size_of_delay_ms            (abs)        000000
__size_of_display             (abs)        000000
__size_of_efgtoa              (abs)        000000
__size_of_floorf              (abs)        000000
__size_of_fputc               (abs)        000000
__size_of_fputs               (abs)        000000
__size_of_initPorts           (abs)        000000
__size_of_init_adc_no_lib     (abs)        000000
__size_of_isdigit             (abs)        000000
__size_of_isspace             (abs)        000000
__size_of_isupper             (abs)        000000
__size_of_lcd_gotoxy          (abs)        000000
__size_of_lcd_init            (abs)        000000
__size_of_lcd_putc            (abs)        000000
__size_of_lcd_puts            (abs)        000000
__size_of_lcd_send_byte       (abs)        000000
__size_of_lcd_send_nibble     (abs)        000000
__size_of_main                (abs)        000000
__size_of_pad                 (abs)        000000
__size_of_putch               (abs)        000000
__size_of_read_adc_raw_no_lib (abs)        000000
__size_of_read_adc_voltage    (abs)        000000
__size_of_send_byte_no_lib    (abs)        000000
__size_of_send_string_no_lib  (abs)        000000
__size_of_setupSerial         (abs)        000000
__size_of_sprintf             (abs)        000000
__size_of_strcpy              (abs)        000000
__size_of_strlen              (abs)        000000
__size_of_strncmp             (abs)        000000
__size_of_tolower             (abs)        000000
__size_of_vfpfcnvrt           (abs)        000000
__size_of_vfprintf            (abs)        000000
__smallconst                  smallconst   001000
_atoi                         text36       002BC6
_atoi$1156                    cstackCOMRAM 000010
_atoi$1157                    cstackCOMRAM 000014
_atoi$1158                    cstackCOMRAM 000012
_dbuf                         bssBANK1     000100
_delay_cycles                 text45       003886
_delay_ms                     text46       003904
_display                      text10       003334
_efgtoa                       text15       001072
_efgtoa$654                   cstackBANK0  000084
_efgtoa$655                   cstackBANK0  000086
_efgtoa$660                   cstackBANK0  000088
_efgtoa$664                   cstackBANK0  00008A
_efgtoa$665                   cstackBANK0  00008C
_efgtoa$666                   cstackBANK0  00008E
_flags                        bssCOMRAM    00007E
_floorf                       text24       002758
_fputc                        text22       002FFE
_fputs                        text21       00378E
_initPorts                    text9        0037C6
_init_adc_no_lib              text8        0039A0
_isdigit                      text38       003828
_isspace                      text37       003716
_isspace$1187                 cstackCOMRAM 000007
_isupper                      text17       0037F8
_lcd                          (abs)        000F83
_lcd_gotoxy                   text42       0035AA
_lcd_init                     text7        0035FA
_lcd_putc                     text41       00339E
_lcd_puts                     text40       00392A
_lcd_send_byte                text43       003754
_lcd_send_nibble              text44       00394E
_main                         text0        00290E
_nout                         bssBANK0     0000E4
_pad                          text19       00309E
_prec                         bssCOMRAM    00007C
_putch                        text23       0039B0
_read_adc_raw_no_lib          text5        0036D8
_read_adc_voltage             text4        003242
_send_byte_no_lib             text3        003990
_send_string_no_lib           text2        003458
_setupSerial                  text1        003970
_sprintf                      text11       003558
_strcpy                       text18       003504
_strlen                       text20       0038B4
_strncmp                      text14       002F5C
_tolower                      text16       003646
_tolower$1272                 cstackCOMRAM 00000D
_vfpfcnvrt                    text13       0019F0
_vfpfcnvrt$680                cstackBANK0  0000B8
_vfpfcnvrt$681                cstackBANK0  0000BA
_vfpfcnvrt$685                cstackBANK0  0000BC
_vfprintf                     text12       0034AE
_width                        bssBANK0     0000E6
atoi@n                        cstackCOMRAM 000015
atoi@neg                      cstackCOMRAM 00000E
atoi@s                        cstackCOMRAM 000008
delay_cycles@n                cstackCOMRAM 000004
delay_cycles@x                cstackCOMRAM 000005
delay_ms@i                    cstackCOMRAM 000003
delay_ms@n                    cstackCOMRAM 000001
efgtoa@c                      cstackCOMRAM 000064
efgtoa@d                      cstackBANK0  000098
efgtoa@e                      cstackBANK0  0000B0
efgtoa@f                      cstackCOMRAM 000060
efgtoa@fp                     cstackCOMRAM 00005E
efgtoa@g                      cstackBANK0  0000AC
efgtoa@h                      cstackBANK0  0000A2
efgtoa@i                      cstackBANK0  0000AA
efgtoa@l                      cstackBANK0  0000A6
efgtoa@m                      cstackBANK0  000094
efgtoa@mode                   cstackBANK0  0000A1
efgtoa@n                      cstackBANK0  0000B2
efgtoa@ne                     cstackBANK0  000096
efgtoa@nmode                  cstackBANK0  00009E
efgtoa@ou                     cstackBANK0  000080
efgtoa@p                      cstackBANK0  00009C
efgtoa@pp                     cstackBANK0  000092
efgtoa@sign                   cstackBANK0  00009A
efgtoa@t                      cstackBANK0  000090
efgtoa@u                      cstackBANK0  0000B4
efgtoa@w                      cstackBANK0  00009F
end_of_initialization         cinit        00344E
floorf@F524                   bssBANK0     0000D8
floorf@e                      cstackCOMRAM 00003C
floorf@m                      cstackCOMRAM 000038
floorf@u                      cstackCOMRAM 00003E
floorf@x                      cstackCOMRAM 00002E
fputc@c                       cstackCOMRAM 000001
fputc@fp                      cstackCOMRAM 000003
fputs@c                       cstackCOMRAM 00000E
fputs@fp                      cstackCOMRAM 00000C
fputs@i                       cstackCOMRAM 00000F
fputs@s                       cstackCOMRAM 00000A
intlevel0                     text         000000
intlevel1                     text         000000
intlevel2                     text         000000
intlevel3                     text         000000
isdigit@c                     cstackCOMRAM 000001
isspace@c                     cstackCOMRAM 000001
isupper@c                     cstackCOMRAM 000001
lcd_gotoxy@address            cstackCOMRAM 00000F
lcd_gotoxy@x                  cstackCOMRAM 00000E
lcd_gotoxy@y                  cstackCOMRAM 00000B
lcd_init@i                    cstackCOMRAM 00000B
lcd_putc@c                    cstackCOMRAM 000012
lcd_puts@s                    cstackCOMRAM 000013
lcd_send_byte@cm_data         cstackCOMRAM 00000A
lcd_send_byte@n               cstackCOMRAM 000009
lcd_send_nibble@n             cstackCOMRAM 000008
main@Buffer                   cstackBANK1  000190
pad@buf                       cstackCOMRAM 000013
pad@fp                        cstackCOMRAM 000011
pad@i                         cstackCOMRAM 000018
pad@p                         cstackCOMRAM 000015
pad@w                         cstackCOMRAM 00001A
read_adc_raw_no_lib@channel   cstackCOMRAM 000007
read_adc_raw_no_lib@raw_value cstackCOMRAM 000005
read_adc_voltage@channel      cstackCOMRAM 000038
read_adc_voltage@raw_value    cstackCOMRAM 000036
read_adc_voltage@voltage      cstackCOMRAM 000032
send_byte_no_lib@c            cstackCOMRAM 000001
send_string_no_lib@p          cstackCOMRAM 000002
sprintf@ap                    cstackBANK0  0000D0
sprintf@f                     cstackBANK0  0000D2
sprintf@fmt                   cstackBANK0  0000C8
sprintf@s                     cstackBANK0  0000C6
stackhi                       (abs)        000F7F
stacklo                       (abs)        000240
start                         init         000300
start_initialization          cinit        003402
strcpy@d                      cstackCOMRAM 000009
strcpy@dest                   cstackCOMRAM 000001
strcpy@s                      cstackCOMRAM 000007
strcpy@src                    cstackCOMRAM 000003
strlen@a                      cstackCOMRAM 000003
strlen@s                      cstackCOMRAM 000001
strncmp@_l                    cstackCOMRAM 000001
strncmp@_r                    cstackCOMRAM 000003
strncmp@l                     cstackCOMRAM 000008
strncmp@n                     cstackCOMRAM 000005
strncmp@r                     cstackCOMRAM 00000A
tolower@c                     cstackCOMRAM 000007
vfpfcnvrt@ap                  cstackCOMRAM 00006E
vfpfcnvrt@c                   cstackBANK0  0000C5
vfpfcnvrt@ct                  cstackBANK0  0000C2
vfpfcnvrt@f                   cstackBANK0  0000BE
vfpfcnvrt@fmt                 cstackCOMRAM 00006C
vfpfcnvrt@fp                  cstackCOMRAM 00006A
vfprintf@ap                   cstackCOMRAM 000078
vfprintf@cfmt                 cstackCOMRAM 00007A
vfprintf@fmt                  cstackCOMRAM 000076
vfprintf@fp                   cstackCOMRAM 000074


FUNCTION INFORMATION:

 *************** function _main *****************
 Defined at:
		line 126 in file "test.c"
 Parameters:    Size  Location     Type
		None
 Auto vars:     Size  Location     Type
  Buffer         64    0[BANK1 ] unsigned char [64]
 Return value:  Size  Location     Type
                  1    wreg      void 
 Registers used:
		wreg, fsr1l, fsr1h, fsr2l, fsr2h, status,2, status,0, tblptrl, tblptrh, tblptru, prodl, prodh, cstack
 Tracked objects:
		On entry : 
		On exit  : 
		Unchanged: 
 Data sizes:     COMRAM   BANK0   BANK1   BANK2   BANK3   BANK4   BANK5   BANK6   BANK7   BANK8   BANK9  BANK10  BANK11  BANK12  BANK13  BANK14  BANK15
      Params:         0       0       0       0       0       0       0       0       0       0       0       0       0       0       0       0       0
      Locals:         0       0      64       0       0       0       0       0       0       0       0       0       0       0       0       0       0
      Temps:          0       0       0       0       0       0       0       0       0       0       0       0       0       0       0       0       0
      Totals:         0       0      64       0       0       0       0       0       0       0       0       0       0       0       0       0       0
Total ram usage:       64 bytes
 Hardware stack levels required when called:    9
 This function calls:
		___flge
		___flmul
		_delay_ms
		_display
		_initPorts
		_init_adc_no_lib
		_lcd_init
		_lcd_putc
		_lcd_send_byte
		_read_adc_voltage
		_send_string_no_lib
		_setupSerial
		_sprintf
 This function is called by:
		Startup code after reset
 This function uses a non-reentrant model


 *************** function _setupSerial *****************
 Defined at:
		line 4 in file "my_ser.c"
 Parameters:    Size  Location     Type
		None
 Auto vars:     Size  Location     Type
  dummy           1    0        unsigned char 
 Return value:  Size  Location     Type
                  1    wreg      void 
 Registers used:
		wreg, status,2
 Tracked objects:
		On entry : 
		On exit  : 
		Unchanged: 
 Data sizes:     COMRAM   BANK0   BANK1   BANK2   BANK3   BANK4   BANK5   BANK6   BANK7   BANK8   BANK9  BANK10  BANK11  BANK12  BANK13  BANK14  BANK15
      Params:         0       0       0       0       0       0       0       0       0       0       0       0       0       0       0       0       0
      Locals:         1       0       0       0       0       0       0       0       0       0       0       0       0       0       0       0       0
      Temps:          0       0       0       0       0       0       0       0       0       0       0       0       0       0       0       0       0
      Totals:         1       0       0       0       0       0       0       0       0       0       0       0       0       0       0       0       0
Total ram usage:        1 bytes
 Hardware stack levels used:    1
 This function calls:
		Nothing
 This function is called by:
		_main
 This function uses a non-reentrant model


 *************** function _send_string_no_lib *****************
 Defined at:
		line 47 in file "my_ser.c"
 Parameters:    Size  Location     Type
  p               2    1[COMRAM] PTR unsigned char 
		 -> main@Buffer(64), STR_4(1), STR_3(1), 
 Auto vars:     Size  Location     Type
		None
 Return value:  Size  Location     Type
                  1    wreg      void 
 Registers used:
		wreg, fsr1l, fsr1h, status,2, status,0, tblptrl, tblptrh, tblptru, cstack
 Tracked objects:
		On entry : 
		On exit  : 
		Unchanged: 
 Data sizes:     COMRAM   BANK0   BANK1   BANK2   BANK3   BANK4   BANK5   BANK6   BANK7   BANK8   BANK9  BANK10  BANK11  BANK12  BANK13  BANK14  BANK15
      Params:         2       0       0       0       0       0       0       0       0       0       0       0       0       0       0       0       0
      Locals:         0       0       0       0       0       0       0       0       0       0       0       0       0       0       0       0       0
      Temps:          0       0       0       0       0       0       0       0       0       0       0       0       0       0       0       0       0
      Totals:         2       0       0       0       0       0       0       0       0       0       0       0       0       0       0       0       0
Total ram usage:        2 bytes
 Hardware stack levels used:    1
 Hardware stack levels required when called:    1
 This function calls:
		_send_byte_no_lib
 This function is called by:
		_main
 This function uses a non-reentrant model


 *************** function _send_byte_no_lib *****************
 Defined at:
		line 39 in file "my_ser.c"
 Parameters:    Size  Location     Type
  c               1    wreg     unsigned char 
 Auto vars:     Size  Location     Type
  c               1    0[COMRAM] unsigned char 
 Return value:  Size  Location     Type
                  1    wreg      void 
 Registers used:
		wreg
 Tracked objects:
		On entry : 
		On exit  : 
		Unchanged: 
 Data sizes:     COMRAM   BANK0   BANK1   BANK2   BANK3   BANK4   BANK5   BANK6   BANK7   BANK8   BANK9  BANK10  BANK11  BANK12  BANK13  BANK14  BANK15
      Params:         0       0       0       0       0       0       0       0       0       0       0       0       0       0       0       0       0
      Locals:         1       0       0       0       0       0       0       0       0       0       0       0       0       0       0       0       0
      Temps:          0       0       0       0       0       0       0       0       0       0       0       0       0       0       0       0       0
      Totals:         1       0       0       0       0       0       0       0       0       0       0       0       0       0       0       0       0
Total ram usage:        1 bytes
 Hardware stack levels used:    1
 This function calls:
		Nothing
 This function is called by:
		_send_string_no_lib
 This function uses a non-reentrant model


 *************** function _read_adc_voltage *****************
 Defined at:
		line 29 in file "my_adc.c"
 Parameters:    Size  Location     Type
  channel         1    wreg     unsigned char 
 Auto vars:     Size  Location     Type
  channel         1   55[COMRAM] unsigned char 
  voltage         4   49[COMRAM] float 
  raw_value       2   53[COMRAM] int 
 Return value:  Size  Location     Type
                  4   45[COMRAM] float 
 Registers used:
		wreg, status,2, status,0, prodl, prodh, cstack
 Tracked objects:
		On entry : 
		On exit  : 
		Unchanged: 
 Data sizes:     COMRAM   BANK0   BANK1   BANK2   BANK3   BANK4   BANK5   BANK6   BANK7   BANK8   BANK9  BANK10  BANK11  BANK12  BANK13  BANK14  BANK15
      Params:         4       0       0       0       0       0       0       0       0       0       0       0       0       0       0       0       0
      Locals:         7       0       0       0       0       0       0       0       0       0       0       0       0       0       0       0       0
      Temps:          0       0       0       0       0       0       0       0       0       0       0       0       0       0       0       0       0
      Totals:        11       0       0       0       0       0       0       0       0       0       0       0       0       0       0       0       0
Total ram usage:       11 bytes
 Hardware stack levels used:    1
 Hardware stack levels required when called:    1
 This function calls:
		___fldiv
		___wmul
		___xxtofl
		_read_adc_raw_no_lib
 This function is called by:
		_main
 This function uses a non-reentrant model


 *************** function _read_adc_raw_no_lib *****************
 Defined at:
		line 17 in file "my_adc.c"
 Parameters:    Size  Location     Type
  channel         1    wreg     unsigned char 
 Auto vars:     Size  Location     Type
  channel         1    6[COMRAM] unsigned char 
  raw_value       2    4[COMRAM] int 
 Return value:  Size  Location     Type
                  2    0[COMRAM] int 
 Registers used:
		wreg, status,2, status,0
 Tracked objects:
		On entry : 
		On exit  : 
		Unchanged: 
 Data sizes:     COMRAM   BANK0   BANK1   BANK2   BANK3   BANK4   BANK5   BANK6   BANK7   BANK8   BANK9  BANK10  BANK11  BANK12  BANK13  BANK14  BANK15
      Params:         2       0       0       0       0       0       0       0       0       0       0       0       0       0       0       0       0
      Locals:         3       0       0       0       0       0       0       0       0       0       0       0       0       0       0       0       0
      Temps:          2       0       0       0       0       0       0       0       0       0       0       0       0       0       0       0       0
      Totals:         7       0       0       0       0       0       0       0       0       0       0       0       0       0       0       0       0
Total ram usage:        7 bytes
 Hardware stack levels used:    1
 This function calls:
		Nothing
 This function is called by:
		_read_adc_voltage
 This function uses a non-reentrant model


 *************** function ___xxtofl *****************
 Defined at:
		line 10 in file "D:\Microchip\pic\sources\c99\common\xxtofl.c"
 Parameters:    Size  Location     Type
  sign            1    wreg     unsigned char 
  val             4    6[COMRAM] long 
 Auto vars:     Size  Location     Type
  sign            1   14[COMRAM] unsigned char 
  arg             4   16[COMRAM] unsigned long 
  exp             1   15[COMRAM] unsigned char 
 Return value:  Size  Location     Type
                  4    6[COMRAM] unsigned char 
 Registers used:
		wreg, status,2, status,0
 Tracked objects:
		On entry : 
		On exit  : 
		Unchanged: 
 Data sizes:     COMRAM   BANK0   BANK1   BANK2   BANK3   BANK4   BANK5   BANK6   BANK7   BANK8   BANK9  BANK10  BANK11  BANK12  BANK13  BANK14  BANK15
      Params:         4       0       0       0       0       0       0       0       0       0       0       0       0       0       0       0       0
      Locals:         6       0       0       0       0       0       0       0       0       0       0       0       0       0       0       0       0
      Temps:          4       0       0       0       0       0       0       0       0       0       0       0       0       0       0       0       0
      Totals:        14       0       0       0       0       0       0       0       0       0       0       0       0       0       0       0       0
Total ram usage:       14 bytes
 Hardware stack levels used:    1
 This function calls:
		Nothing
 This function is called by:
		_read_adc_voltage
 This function uses a non-reentrant model


 *************** function _lcd_init *****************
 Defined at:
		line 45 in file "lcd_x8.c"
 Parameters:    Size  Location     Type
		None
 Auto vars:     Size  Location     Type
  i               1   10[COMRAM] unsigned char 
 Return value:  Size  Location     Type
                  1    wreg      void 
 Registers used:
		wreg, fsr2l, fsr2h, status,2, status,0, cstack
 Tracked objects:
		On entry : 
		On exit  : 
		Unchanged: 
 Data sizes:     COMRAM   BANK0   BANK1   BANK2   BANK3   BANK4   BANK5   BANK6   BANK7   BANK8   BANK9  BANK10  BANK11  BANK12  BANK13  BANK14  BANK15
      Params:         0       0       0       0       0       0       0       0       0       0       0       0       0       0       0       0       0
      Locals:         1       0       0       0       0       0       0       0       0       0       0       0       0       0       0       0       0
      Temps:          0       0       0       0       0       0       0       0       0       0       0       0       0       0       0       0       0
      Totals:         1       0       0       0       0       0       0       0       0       0       0       0       0       0       0       0       0
Total ram usage:        1 bytes
 Hardware stack levels used:    1
 Hardware stack levels required when called:    3
 This function calls:
		_delay_ms
		_lcd_send_byte
		_lcd_send_nibble
 This function is called by:
		_main
 This function uses a non-reentrant model


 *************** function _init_adc_no_lib *****************
 Defined at:
		line 11 in file "my_adc.c"
 Parameters:    Size  Location     Type
		None
 Auto vars:     Size  Location     Type
		None
 Return value:  Size  Location     Type
                  1    wreg      void 
 Registers used:
		wreg, status,2
 Tracked objects:
		On entry : 
		On exit  : 
		Unchanged: 
 Data sizes:     COMRAM   BANK0   BANK1   BANK2   BANK3   BANK4   BANK5   BANK6   BANK7   BANK8   BANK9  BANK10  BANK11  BANK12  BANK13  BANK14  BANK15
      Params:         0       0       0       0       0       0       0       0       0       0       0       0       0       0       0       0       0
      Locals:         0       0       0       0       0       0       0       0       0       0       0       0       0       0       0       0       0
      Temps:          0       0       0       0       0       0       0       0       0       0       0       0       0       0       0       0       0
      Totals:         0       0       0       0       0       0       0       0       0       0       0       0       0       0       0       0       0
Total ram usage:        0 bytes
 Hardware stack levels used:    1
 This function calls:
		Nothing
 This function is called by:
		_main
 This function uses a non-reentrant model


 *************** function _initPorts *****************
 Defined at:
		line 94 in file "test.c"
 Parameters:    Size  Location     Type
		None
 Auto vars:     Size  Location     Type
		None
 Return value:  Size  Location     Type
                  1    wreg      void 
 Registers used:
		wreg, status,2
 Tracked objects:
		On entry : 
		On exit  : 
		Unchanged: 
 Data sizes:     COMRAM   BANK0   BANK1   BANK2   BANK3   BANK4   BANK5   BANK6   BANK7   BANK8   BANK9  BANK10  BANK11  BANK12  BANK13  BANK14  BANK15
      Params:         0       0       0       0       0       0       0       0       0       0       0       0       0       0       0       0       0
      Locals:         0       0       0       0       0       0       0       0       0       0       0       0       0       0       0       0       0
      Temps:          0       0       0       0       0       0       0       0       0       0       0       0       0       0       0       0       0
      Totals:         0       0       0       0       0       0       0       0       0       0       0       0       0       0       0       0       0
Total ram usage:        0 bytes
 Hardware stack levels used:    1
 This function calls:
		Nothing
 This function is called by:
		_main
 This function uses a non-reentrant model


 *************** function _display *****************
 Defined at:
		line 105 in file "test.c"
 Parameters:    Size  Location     Type
		None
 Auto vars:     Size  Location     Type
		None
 Return value:  Size  Location     Type
                  1    wreg      void 
 Registers used:
		wreg, fsr1l, fsr1h, fsr2l, fsr2h, status,2, status,0, tblptrl, tblptrh, tblptru, prodl, prodh, cstack
 Tracked objects:
		On entry : 
		On exit  : 
		Unchanged: 
 Data sizes:     COMRAM   BANK0   BANK1   BANK2   BANK3   BANK4   BANK5   BANK6   BANK7   BANK8   BANK9  BANK10  BANK11  BANK12  BANK13  BANK14  BANK15
      Params:         0       0       0       0       0       0       0       0       0       0       0       0       0       0       0       0       0
      Locals:         0       0       0       0       0       0       0       0       0       0       0       0       0       0       0       0       0
      Temps:          0       0       0       0       0       0       0       0       0       0       0       0       0       0       0       0       0
      Totals:         0       0       0       0       0       0       0       0       0       0       0       0       0       0       0       0       0
Total ram usage:        0 bytes
 Hardware stack levels used:    1
 Hardware stack levels required when called:    8
 This function calls:
		_lcd_gotoxy
		_lcd_puts
		_sprintf
 This function is called by:
		_main
 This function uses a non-reentrant model


 *************** function _sprintf *****************
 Defined at:
		line 9 in file "D:\Microchip\pic\sources\c99\common\nf_sprintf.c"
 Parameters:    Size  Location     Type
  s               2   70[BANK0 ] PTR unsigned char 
		 -> main@Buffer(64), J(64), F(64), 
  fmt             2   72[BANK0 ] PTR const unsigned char 
		 -> STR_8(43), STR_7(7), STR_6(12), STR_5(11), 
		 -> STR_2(6), STR_1(13), 
 Auto vars:     Size  Location     Type
  f               6   82[BANK0 ] struct _IO_FILE
  ap              2   80[BANK0 ] PTR void [1]
		 -> ?_sprintf(2), 
  ret             2    0        int 
 Return value:  Size  Location     Type
                  2   70[BANK0 ] int 
 Registers used:
		wreg, fsr1l, fsr1h, fsr2l, fsr2h, status,2, status,0, tblptrl, tblptrh, tblptru, prodl, prodh, cstack
 Tracked objects:
		On entry : 
		On exit  : 
		Unchanged: 
 Data sizes:     COMRAM   BANK0   BANK1   BANK2   BANK3   BANK4   BANK5   BANK6   BANK7   BANK8   BANK9  BANK10  BANK11  BANK12  BANK13  BANK14  BANK15
      Params:         0       8       0       0       0       0       0       0       0       0       0       0       0       0       0       0       0
      Locals:         0      10       0       0       0       0       0       0       0       0       0       0       0       0       0       0       0
      Temps:          0       0       0       0       0       0       0       0       0       0       0       0       0       0       0       0       0
      Totals:         0      18       0       0       0       0       0       0       0       0       0       0       0       0       0       0       0
Total ram usage:       18 bytes
 Hardware stack levels used:    1
 Hardware stack levels required when called:    7
 This function calls:
		_vfprintf
 This function is called by:
		_display
		_main
 This function uses a non-reentrant model


 *************** function _vfprintf *****************
 Defined at:
		line 1368 in file "D:\Microchip\pic\sources\c99\common\doprnt.c"
 Parameters:    Size  Location     Type
  fp              2  115[COMRAM] PTR struct _IO_FILE
		 -> sprintf@f(6), 
  fmt             2  117[COMRAM] PTR const unsigned char 
		 -> STR_8(43), STR_7(7), STR_6(12), STR_5(11), 
		 -> STR_2(6), STR_1(13), 
  ap              2  119[COMRAM] PTR PTR void 
		 -> sprintf@ap(2), 
 Auto vars:     Size  Location     Type
  cfmt            2  121[COMRAM] PTR unsigned char 
		 -> STR_8(43), STR_7(7), STR_6(12), STR_5(11), 
		 -> STR_2(6), STR_1(13), 
 Return value:  Size  Location     Type
                  2  115[COMRAM] int 
 Registers used:
		wreg, fsr1l, fsr1h, fsr2l, fsr2h, status,2, status,0, tblptrl, tblptrh, tblptru, prodl, prodh, cstack
 Tracked objects:
		On entry : 
		On exit  : 
		Unchanged: 
 Data sizes:     COMRAM   BANK0   BANK1   BANK2   BANK3   BANK4   BANK5   BANK6   BANK7   BANK8   BANK9  BANK10  BANK11  BANK12  BANK13  BANK14  BANK15
      Params:         6       0       0       0       0       0       0       0       0       0       0       0       0       0       0       0       0
      Locals:         2       0       0       0       0       0       0       0       0       0       0       0       0       0       0       0       0
      Temps:          0       0       0       0       0       0       0       0       0       0       0       0       0       0       0       0       0
      Totals:         8       0       0       0       0       0       0       0       0       0       0       0       0       0       0       0       0
Total ram usage:        8 bytes
 Hardware stack levels used:    1
 Hardware stack levels required when called:    6
 This function calls:
		_vfpfcnvrt
 This function is called by:
		_sprintf
 This function uses a non-reentrant model


 *************** function _vfpfcnvrt *****************
 Defined at:
		line 670 in file "D:\Microchip\pic\sources\c99\common\doprnt.c"
 Parameters:    Size  Location     Type
  fp              2  105[COMRAM] PTR struct _IO_FILE
		 -> sprintf@f(6), 
  fmt             2  107[COMRAM] PTR PTR unsigned char 
		 -> vfprintf@cfmt(2), 
  ap              2  109[COMRAM] PTR PTR void 
		 -> sprintf@ap(2), 
 Auto vars:     Size  Location     Type
  llu             8    0        unsigned long long 
  ll              8    0        long long 
  f               4   62[BANK0 ] long long 
  ct              3   66[BANK0 ] unsigned char [3]
  vp              3    0        PTR void 
  cp              3    0        PTR unsigned char 
  i               2    0        int 
  done            2    0        int 
  c               1   69[BANK0 ] unsigned char 
 Return value:  Size  Location     Type
                  2  105[COMRAM] int 
 Registers used:
		wreg, fsr1l, fsr1h, fsr2l, fsr2h, status,2, status,0, tblptrl, tblptrh, tblptru, prodl, prodh, cstack
 Tracked objects:
		On entry : 
		On exit  : 
		Unchanged: 
 Data sizes:     COMRAM   BANK0   BANK1   BANK2   BANK3   BANK4   BANK5   BANK6   BANK7   BANK8   BANK9  BANK10  BANK11  BANK12  BANK13  BANK14  BANK15
      Params:         6       0       0       0       0       0       0       0       0       0       0       0       0       0       0       0       0
      Locals:         0      14       0       0       0       0       0       0       0       0       0       0       0       0       0       0       0
      Temps:          4       0       0       0       0       0       0       0       0       0       0       0       0       0       0       0       0
      Totals:        10      14       0       0       0       0       0       0       0       0       0       0       0       0       0       0       0
Total ram usage:       24 bytes
 Hardware stack levels used:    1
 Hardware stack levels required when called:    5
 This function calls:
		_atoi
		_efgtoa
		_fputc
		_isdigit
		_isupper
		_strncmp
		_tolower
 This function is called by:
		_vfprintf
 This function uses a non-reentrant model


 *************** function _strncmp *****************
 Defined at:
		line 3 in file "D:\Microchip\pic\sources\c99\common\strncmp.c"
 Parameters:    Size  Location     Type
  _l              2    0[COMRAM] PTR const unsigned char 
		 -> vfpfcnvrt@ct(3), 
  _r              2    2[COMRAM] PTR const unsigned char 
		 -> STR_19(3), 
  n               2    4[COMRAM] unsigned int 
 Auto vars:     Size  Location     Type
  r               2    9[COMRAM] PTR const unsigned char 
		 -> STR_19(3), 
  l               2    7[COMRAM] PTR const unsigned char 
		 -> vfpfcnvrt@ct(3), 
 Return value:  Size  Location     Type
                  2    0[COMRAM] int 
 Registers used:
		wreg, fsr2l, fsr2h, status,2, status,0, tblptrl, tblptrh, tblptru
 Tracked objects:
		On entry : 
		On exit  : 
		Unchanged: 
 Data sizes:     COMRAM   BANK0   BANK1   BANK2   BANK3   BANK4   BANK5   BANK6   BANK7   BANK8   BANK9  BANK10  BANK11  BANK12  BANK13  BANK14  BANK15
      Params:         6       0       0       0       0       0       0       0       0       0       0       0       0       0       0       0       0
      Locals:         4       0       0       0       0       0       0       0       0       0       0       0       0       0       0       0       0
      Temps:          1       0       0       0       0       0       0       0       0       0       0       0       0       0       0       0       0
      Totals:        11       0       0       0       0       0       0       0       0       0       0       0       0       0       0       0       0
Total ram usage:       11 bytes
 Hardware stack levels used:    1
 This function calls:
		Nothing
 This function is called by:
		_vfpfcnvrt
 This function uses a non-reentrant model


 *************** function _efgtoa *****************
 Defined at:
		line 319 in file "D:\Microchip\pic\sources\c99\common\doprnt.c"
 Parameters:    Size  Location     Type
  fp              2   93[COMRAM] PTR struct _IO_FILE
		 -> sprintf@f(6), 
  f               4   95[COMRAM] PTR struct _IO_FILE
  c               1   99[COMRAM] unsigned char 
 Auto vars:     Size  Location     Type
  u               4   52[BANK0 ] unsigned char 
  g               4   44[BANK0 ] unsigned char 
  l               4   38[BANK0 ] unsigned char 
  h               4   34[BANK0 ] unsigned char 
  ou              4    0[BANK0 ] unsigned char 
  n               2   50[BANK0 ] int 
  e               2   48[BANK0 ] int 
  i               2   42[BANK0 ] int 
  w               2   31[BANK0 ] int 
  p               2   28[BANK0 ] int 
  sign            2   26[BANK0 ] int 
  d               2   24[BANK0 ] int 
  ne              2   22[BANK0 ] int 
  m               2   20[BANK0 ] int 
  pp              2   18[BANK0 ] int 
  t               2   16[BANK0 ] int 
  mode            1   33[BANK0 ] unsigned char 
  nmode           1   30[BANK0 ] unsigned char 
 Return value:  Size  Location     Type
                  2   93[COMRAM] int 
 Registers used:
		wreg, fsr1l, fsr1h, fsr2l, fsr2h, status,2, status,0, tblptrl, tblptrh, tblptru, prodl, prodh, cstack
 Tracked objects:
		On entry : 
		On exit  : 
		Unchanged: 
 Data sizes:     COMRAM   BANK0   BANK1   BANK2   BANK3   BANK4   BANK5   BANK6   BANK7   BANK8   BANK9  BANK10  BANK11  BANK12  BANK13  BANK14  BANK15
      Params:         7       0       0       0       0       0       0       0       0       0       0       0       0       0       0       0       0
      Locals:         0      56       0       0       0       0       0       0       0       0       0       0       0       0       0       0       0
      Temps:          5       0       0       0       0       0       0       0       0       0       0       0       0       0       0       0       0
      Totals:        12      56       0       0       0       0       0       0       0       0       0       0       0       0       0       0       0
Total ram usage:       68 bytes
[...]
      Temps:          4       0       0       0       0       0       0       0       0       0       0       0       0       0       0       0       0
      Totals:         7       0       0       0       0       0       0       0       0       0       0       0       0       0       0       0       0
Total ram usage:        7 bytes
 Hardware stack levels used:    1
 This function calls:
		Nothing
 This function is called by:
		_atoi
 This function uses a non-reentrant model


 *************** function _isdigit *****************
 Defined at:
		line 5 in file "D:\Microchip\pic\sources\c99\common\isdigit.c"
 Parameters:    Size  Location     Type
  c               2    0[COMRAM] int 
 Auto vars:     Size  Location     Type
		None
 Return value:  Size  Location     Type
                  2    0[COMRAM] int 
 Registers used:
		wreg, status,2, status,0
 Tracked objects:
		On entry : 
		On exit  : 
		Unchanged: 
 Data sizes:     COMRAM   BANK0   BANK1   BANK2   BANK3   BANK4   BANK5   BANK6   BANK7   BANK8   BANK9  BANK10  BANK11  BANK12  BANK13  BANK14  BANK15
      Params:         2       0       0       0       0       0       0       0       0       0       0       0       0       0       0       0       0
      Locals:         0       0       0       0       0       0       0       0       0       0       0       0       0       0       0       0       0
      Temps:          4       0       0       0       0       0       0       0       0       0       0       0       0       0       0       0       0
      Totals:         6       0       0       0       0       0       0       0       0       0       0       0       0       0       0       0       0
Total ram usage:        6 bytes
 Hardware stack levels used:    1
 This function calls:
		Nothing
 This function is called by:
		_vfpfcnvrt
		_atoi
 This function uses a non-reentrant model


 *************** function ___wmul *****************
 Defined at:
		line 15 in file "D:\Microchip\pic\sources\c99\common\Umul16.c"
 Parameters:    Size  Location     Type
  multiplier      2    0[COMRAM] unsigned int 
  multiplicand    2    2[COMRAM] unsigned int 
 Auto vars:     Size  Location     Type
  product         2    4[COMRAM] unsigned int 
 Return value:  Size  Location     Type
                  2    0[COMRAM] unsigned int 
 Registers used:
		wreg, status,2, status,0, prodl, prodh
 Tracked objects:
		On entry : 
		On exit  : 
		Unchanged: 
 Data sizes:     COMRAM   BANK0   BANK1   BANK2   BANK3   BANK4   BANK5   BANK6   BANK7   BANK8   BANK9  BANK10  BANK11  BANK12  BANK13  BANK14  BANK15
      Params:         4       0       0       0       0       0       0       0       0       0       0       0       0       0       0       0       0
      Locals:         2       0       0       0       0       0       0       0       0       0       0       0       0       0       0       0       0
      Temps:          0       0       0       0       0       0       0       0       0       0       0       0       0       0       0       0       0
      Totals:         6       0       0       0       0       0       0       0       0       0       0       0       0       0       0       0       0
Total ram usage:        6 bytes
 Hardware stack levels used:    1
 This function calls:
		Nothing
 This function is called by:
		_read_adc_voltage
		_atoi
 This function uses a non-reentrant model


 *************** function _lcd_puts *****************
 Defined at:
		line 94 in file "lcd_x8.c"
 Parameters:    Size  Location     Type
  s               2   18[COMRAM] PTR unsigned char 
		 -> J(64), F(64), 
 Auto vars:     Size  Location     Type
		None
 Return value:  Size  Location     Type
                  1    wreg      void 
 Registers used:
		wreg, fsr2l, fsr2h, status,2, status,0, cstack
 Tracked objects:
		On entry : 
		On exit  : 
		Unchanged: 
 Data sizes:     COMRAM   BANK0   BANK1   BANK2   BANK3   BANK4   BANK5   BANK6   BANK7   BANK8   BANK9  BANK10  BANK11  BANK12  BANK13  BANK14  BANK15
      Params:         2       0       0       0       0       0       0       0       0       0       0       0       0       0       0       0       0
      Locals:         0       0       0       0       0       0       0       0       0       0       0       0       0       0       0       0       0
      Temps:          0       0       0       0       0       0       0       0       0       0       0       0       0       0       0       0       0
      Totals:         2       0       0       0       0       0       0       0       0       0       0       0       0       0       0       0       0
Total ram usage:        2 bytes
 Hardware stack levels used:    1
 Hardware stack levels required when called:    5
 This function calls:
		_lcd_putc
 This function is called by:
		_display
 This function uses a non-reentrant model


 *************** function _lcd_putc *****************
 Defined at:
		line 80 in file "lcd_x8.c"
 Parameters:    Size  Location     Type
  c               1    wreg     unsigned char 
 Auto vars:     Size  Location     Type
  c               1   17[COMRAM] unsigned char 
 Return value:  Size  Location     Type
                  1    wreg      void 
 Registers used:
		wreg, status,2, status,0, cstack
 Tracked objects:
		On entry : 
		On exit  : 
		Unchanged: 
 Data sizes:     COMRAM   BANK0   BANK1   BANK2   BANK3   BANK4   BANK5   BANK6   BANK7   BANK8   BANK9  BANK10  BANK11  BANK12  BANK13  BANK14  BANK15
      Params:         0       0       0       0       0       0       0       0       0       0       0       0       0       0       0       0       0
      Locals:         1       0       0       0       0       0       0       0       0       0       0       0       0       0       0       0       0
      Temps:          2       0       0       0       0       0       0       0       0       0       0       0       0       0       0       0       0
      Totals:         3       0       0       0       0       0       0       0       0       0       0       0       0       0       0       0       0
Total ram usage:        3 bytes
 Hardware stack levels used:    1
 Hardware stack levels required when called:    4
 This function calls:
		_delay_ms
		_lcd_gotoxy
		_lcd_send_byte
 This function is called by:
		_lcd_puts
		_main
 This function uses a non-reentrant model


 *************** function _lcd_gotoxy *****************
 Defined at:
		line 63 in file "lcd_x8.c"
 Parameters:    Size  Location     Type
  x               1    wreg     unsigned char 
  y               1   10[COMRAM] unsigned char 
 Auto vars:     Size  Location     Type
  x               1   13[COMRAM] unsigned char 
  address         1   14[COMRAM] unsigned char 
 Return value:  Size  Location     Type
                  1    wreg      void 
 Registers used:
		wreg, status,2, status,0, cstack
 Tracked objects:
		On entry : 
		On exit  : 
		Unchanged: 
 Data sizes:     COMRAM   BANK0   BANK1   BANK2   BANK3   BANK4   BANK5   BANK6   BANK7   BANK8   BANK9  BANK10  BANK11  BANK12  BANK13  BANK14  BANK15
      Params:         1       0       0       0       0       0       0       0       0       0       0       0       0       0       0       0       0
      Locals:         2       0       0       0       0       0       0       0       0       0       0       0       0       0       0       0       0
      Temps:          2       0       0       0       0       0       0       0       0       0       0       0       0       0       0       0       0
      Totals:         5       0       0       0       0       0       0       0       0       0       0       0       0       0       0       0       0
Total ram usage:        5 bytes
 Hardware stack levels used:    1
 Hardware stack levels required when called:    3
 This function calls:
		_lcd_send_byte
 This function is called by:
		_lcd_putc
		_display
 This function uses a non-reentrant model


 *************** function _lcd_send_byte *****************
 Defined at:
		line 33 in file "lcd_x8.c"
 Parameters:    Size  Location     Type
  cm_data         1    wreg     unsigned char 
  n               1    8[COMRAM] unsigned char 
 Auto vars:     Size  Location     Type
  cm_data         1    9[COMRAM] unsigned char 
 Return value:  Size  Location     Type
                  1    wreg      void 
 Registers used:
		wreg, status,2, status,0, cstack
 Tracked objects:
		On entry : 
		On exit  : 
		Unchanged: 
 Data sizes:     COMRAM   BANK0   BANK1   BANK2   BANK3   BANK4   BANK5   BANK6   BANK7   BANK8   BANK9  BANK10  BANK11  BANK12  BANK13  BANK14  BANK15
      Params:         1       0       0       0       0       0       0       0       0       0       0       0       0       0       0       0       0
      Locals:         1       0       0       0       0       0       0       0       0       0       0       0       0       0       0       0       0
      Temps:          0       0       0       0       0       0       0       0       0       0       0       0       0       0       0       0       0
      Totals:         2       0       0       0       0       0       0       0       0       0       0       0       0       0       0       0       0
Total ram usage:        2 bytes
 Hardware stack levels used:    1
 Hardware stack levels required when called:    2
 This function calls:
		_delay_cycles
		_lcd_send_nibble
 This function is called by:
		_lcd_init
		_lcd_gotoxy
		_lcd_putc
		_main
		_Lcd_Shift_Right
		_Lcd_Shift_Left
 This function uses a non-reentrant model


 *************** function _lcd_send_nibble *****************
 Defined at:
		line 23 in file "lcd_x8.c"
 Parameters:    Size  Location     Type
  n               1    wreg     unsigned char 
 Auto vars:     Size  Location     Type
  n               1    7[COMRAM] unsigned char 
 Return value:  Size  Location     Type
                  1    wreg      void 
 Registers used:
		wreg, status,2, status,0, cstack
 Tracked objects:
		On entry : 
		On exit  : 
		Unchanged: 
 Data sizes:     COMRAM   BANK0   BANK1   BANK2   BANK3   BANK4   BANK5   BANK6   BANK7   BANK8   BANK9  BANK10  BANK11  BANK12  BANK13  BANK14  BANK15
      Params:         0       0       0       0       0       0       0       0       0       0       0       0       0       0       0       0       0
      Locals:         1       0       0       0       0       0       0       0       0       0       0       0       0       0       0       0       0
      Temps:          1       0       0       0       0       0       0       0       0       0       0       0       0       0       0       0       0
      Totals:         2       0       0       0       0       0       0       0       0       0       0       0       0       0       0       0       0
Total ram usage:        2 bytes
 Hardware stack levels used:    1
 Hardware stack levels required when called:    1
 This function calls:
		_delay_cycles
 This function is called by:
		_lcd_send_byte
		_lcd_init
 This function uses a non-reentrant model


 *************** function _delay_cycles *****************
 Defined at:
		line 15 in file "lcd_x8.c"
 Parameters:    Size  Location     Type
  n               1    wreg     unsigned char 
 Auto vars:     Size  Location     Type
  n               1    3[COMRAM] unsigned char 
  x               2    4[COMRAM] int 
 Return value:  Size  Location     Type
                  1    wreg      void 
 Registers used:
		wreg, status,2, status,0
 Tracked objects:
		On entry : 
		On exit  : 
		Unchanged: 
 Data sizes:     COMRAM   BANK0   BANK1   BANK2   BANK3   BANK4   BANK5   BANK6   BANK7   BANK8   BANK9  BANK10  BANK11  BANK12  BANK13  BANK14  BANK15
      Params:         0       0       0       0       0       0       0       0       0       0       0       0       0       0       0       0       0
      Locals:         3       0       0       0       0       0       0       0       0       0       0       0       0       0       0       0       0
      Temps:          3       0       0       0       0       0       0       0       0       0       0       0       0       0       0       0       0
      Totals:         6       0       0       0       0       0       0       0       0       0       0       0       0       0       0       0       0
Total ram usage:        6 bytes
 Hardware stack levels used:    1
 This function calls:
		Nothing
 This function is called by:
		_lcd_send_nibble
		_lcd_send_byte
 This function uses a non-reentrant model


 *************** function _delay_ms *****************
 Defined at:
		line 118 in file "test.c"
 Parameters:    Size  Location     Type
  n               2    0[COMRAM] unsigned int 
 Auto vars:     Size  Location     Type
  i               2    2[COMRAM] int 
 Return value:  Size  Location     Type
                  1    wreg      void 
 Registers used:
		wreg, status,2, status,0
 Tracked objects:
		On entry : 
		On exit  : 
		Unchanged: 
 Data sizes:     COMRAM   BANK0   BANK1   BANK2   BANK3   BANK4   BANK5   BANK6   BANK7   BANK8   BANK9  BANK10  BANK11  BANK12  BANK13  BANK14  BANK15
      Params:         2       0       0       0       0       0       0       0       0       0       0       0       0       0       0       0       0
      Locals:         2       0       0       0       0       0       0       0       0       0       0       0       0       0       0       0       0
      Temps:          0       0       0       0       0       0       0       0       0       0       0       0       0       0       0       0       0
      Totals:         4       0       0       0       0       0       0       0       0       0       0       0       0       0       0       0       0
Total ram usage:        4 bytes
 Hardware stack levels used:    1
 This function calls:
		Nothing
 This function is called by:
		_lcd_init
		_lcd_putc
		_main
 This function uses a non-reentrant model



MODULE INFORMATION

Module		Function		Class		Link	Load	Size
test.c
		_display       		CODE           	3334	0000	107
		_main          		CODE           	290E	0000	377
		_initPorts     		CODE           	37C6	0000	51
		_delay_ms      		CODE           	3904	0000	39

test.c estimated size: 574

D:\Microchip\pic\sources\c99\common\nf_fputc.c
		_fputc         		CODE           	2FFE	0000	161

D:\Microchip\pic\sources\c99\common\nf_fputc.c estimated size: 161

D:\Microchip\pic\sources\c99\common\nf_sprintf.c
		_sprintf       		CODE           	3558	0000	83

D:\Microchip\pic\sources\c99\common\nf_sprintf.c estimated size: 83

D:\Microchip\pic\sources\c99\common\doprnt.c
		_vfpfcnvrt     		CODE           	19F0	0000	1155
		_efgtoa        		CODE           	1072	0000	2431
		_pad           		CODE           	309E	0000	151
		_vfprintf      		CODE           	34AE	0000	87

D:\Microchip\pic\sources\c99\common\doprnt.c estimated size: 3824

D:\Microchip\pic\sources\c99\common\isupper.c
		_isupper       		CODE           	37F8	0000	49

D:\Microchip\pic\sources\c99\common\isupper.c estimated size: 49

D:\Microchip\pic\sources\c99\common\awmod.c
		___awmod       		CODE           	32C4	0000	113

D:\Microchip\pic\sources\c99\common\awmod.c estimated size: 113

D:\Microchip\pic\sources\c99\common\putch.c
		_putch         		CODE           	39B0	0000	3

D:\Microchip\pic\sources\c99\common\putch.c estimated size: 3

my_ser.c
		_send_byte_no_lib		CODE           	3990	0000	17
		_setupSerial   		CODE           	3970	0000	33
		_send_string_no_lib		CODE           	3458	0000	87

my_ser.c estimated size: 137

D:\Microchip\pic\sources\c99\common\isspace.c
		_isspace       		CODE           	3716	0000	63

D:\Microchip\pic\sources\c99\common\isspace.c estimated size: 63

D:\Microchip\pic\sources\c99\common\strncmp.c
		_strncmp       		CODE           	2F5C	0000	163

D:\Microchip\pic\sources\c99\common\strncmp.c estimated size: 163

D:\Microchip\pic\sources\c99\common\tolower.c
		_tolower       		CODE           	3646	0000	77

D:\Microchip\pic\sources\c99\common\tolower.c estimated size: 77

my_adc.c
		_init_adc_no_lib		CODE           	39A0	0000	13
		_read_adc_raw_no_lib		CODE           	36D8	0000	63
		_read_adc_voltage		CODE           	3242	0000	131

my_adc.c estimated size: 207

D:\Microchip\pic\sources\c99\common\sprcmul.c
		___flmul       		CODE           	1E72	0000	851

D:\Microchip\pic\sources\c99\common\sprcmul.c estimated size: 851

D:\Microchip\pic\sources\c99\common\sprcdiv.c
		___fldiv       		CODE           	24D0	0000	649

D:\Microchip\pic\sources\c99\common\sprcdiv.c estimated size: 649

D:\Microchip\pic\sources\c99\common\atoi.c
		_atoi          		CODE           	2BC6	0000	321

D:\Microchip\pic\sources\c99\common\atoi.c estimated size: 321

D:\Microchip\pic\sources\c99\common\fleq.c
		___fleq        		CODE           	3134	0000	139

D:\Microchip\pic\sources\c99\common\fleq.c estimated size: 139

D:\Microchip\pic\sources\c99\common\Umul16.c
		___wmul        		CODE           	38DE	0000	39

D:\Microchip\pic\sources\c99\common\Umul16.c estimated size: 39

D:\Microchip\pic\sources\c99\common\awdiv.c
		___awdiv       		CODE           	31BE	0000	133

D:\Microchip\pic\sources\c99\common\awdiv.c estimated size: 133

D:\Microchip\pic\sources\c99\common\fltol.c
		___fltol       		CODE           	2EA2	0000	187

D:\Microchip\pic\sources\c99\common\fltol.c estimated size: 187

shared
		__initialization		CODE           	3402	0000	77

shared estimated size: 77

D:\Microchip\pic\sources\c99\common\nf_fputs.c
		_fputs         		CODE           	378E	0000	57

D:\Microchip\pic\sources\c99\common\nf_fputs.c estimated size: 57

D:\Microchip\pic\sources\c99\common\__fpclassifyf.c
		___fpclassifyf 		CODE           	2DD6	0000	205

D:\Microchip\pic\sources\c99\common\__fpclassifyf.c estimated size: 205

D:\Microchip\pic\sources\c99\common\floorf.c
		_floorf        		CODE           	2758	0000	439

D:\Microchip\pic\sources\c99\common\floorf.c estimated size: 439

D:\Microchip\pic\sources\c99\common\isdigit.c
		_isdigit       		CODE           	3828	0000	49

D:\Microchip\pic\sources\c99\common\isdigit.c estimated size: 49

D:\Microchip\pic\sources\c99\common\sprcadd.c
		___flsub       		CODE           	3692	0000	71
		___fladd       		CODE           	21C4	0000	781

D:\Microchip\pic\sources\c99\common\sprcadd.c estimated size: 852

lcd_x8.c
		_lcd_putc      		CODE           	339E	0000	101
		_lcd_puts      		CODE           	392A	0000	37
		_lcd_send_byte 		CODE           	3754	0000	59
		_lcd_gotoxy    		CODE           	35AA	0000	81
		_lcd_send_nibble		CODE           	394E	0000	35
		_lcd_init      		CODE           	35FA	0000	77
		_delay_cycles  		CODE           	3886	0000	47

lcd_x8.c estimated size: 437

D:\Microchip\pic\sources\c99\common\xxtofl.c
		___xxtofl      		CODE           	2A86	0000	321

D:\Microchip\pic\sources\c99\common\xxtofl.c estimated size: 321

D:\Microchip\pic\sources\c99\common\flneg.c
		___flneg       		CODE           	3858	0000	47

D:\Microchip\pic\sources\c99\common\flneg.c estimated size: 47

D:\Microchip\pic\sources\c99\common\strlen.c
		_strlen        		CODE           	38B4	0000	43

D:\Microchip\pic\sources\c99\common\strlen.c estimated size: 43

D:\Microchip\pic\sources\c99\common\flge.c
		___flge        		CODE           	2D06	0000	209

D:\Microchip\pic\sources\c99\common\flge.c estimated size: 209

D:\Microchip\pic\sources\c99\common\strcpy.c
		_strcpy        		CODE           	3504	0000	85

D:\Microchip\pic\sources\c99\common\strcpy.c estimated size: 85

